
> web@0.1.0 dev
> next dev -p 3000

▲ Next.js 16.2.4 (Turbopack)
- Local:         http://localhost:3000
- Network:       http://192.168.31.111:3000
✓ Ready in 385ms

 GET / 200 in 258ms (next.js: 141ms, application-code: 118ms)
✓ Compiled in 382ms
 GET / 200 in 47ms (next.js: 9ms, application-code: 38ms)
✓ Compiled in 61ms
✓ Compiled in 18ms
[browser] Uncaught TypeError: can't access property "score", privacyResult.categories.ip is undefined
    at Home (app/page.tsx:926:45)
  924 | ...               <div className="grid grid-cols-2 md:grid-cols-3 gap-4">
  925 | ...                 {[
> 926 | ...                   { name: "IP & Network", score: privacyResult.categories.ip.score, m...
      |                                               ^
  927 | ...                   { name: "DNS Privacy", score: privacyResult.categories.dns.score, m...
  928 | ...                   { name: "Fingerprint", score: privacyResult.categories.fingerprint....
  929 | ...                   { name: "Privacy Settings", score: privacyResult.categories.privacy...
 GET /? 200 in 54ms (next.js: 13ms, application-code: 42ms)
[browser] Uncaught TypeError: can't access property "score", privacyResult.categories.ip is undefined
    at Home (app/page.tsx:926:45)
  924 | ...               <div className="grid grid-cols-2 md:grid-cols-3 gap-4">
  925 | ...                 {[
> 926 | ...                   { name: "IP & Network", score: privacyResult.categories.ip.score, m...
      |                                               ^
  927 | ...                   { name: "DNS Privacy", score: privacyResult.categories.dns.score, m...
  928 | ...                   { name: "Fingerprint", score: privacyResult.categories.fingerprint....
  929 | ...                   { name: "Privacy Settings", score: privacyResult.categories.privacy...
 GET /? 200 in 42ms (next.js: 4ms, application-code: 38ms)
 GET / 200 in 42ms (next.js: 5ms, application-code: 37ms)
[browser] Uncaught TypeError: can't access property "score", privacyResult.categories.ip is undefined
    at Home (app/page.tsx:926:45)
  924 | ...               <div className="grid grid-cols-2 md:grid-cols-3 gap-4">
  925 | ...                 {[
> 926 | ...                   { name: "IP & Network", score: privacyResult.categories.ip.score, m...
      |                                               ^
  927 | ...                   { name: "DNS Privacy", score: privacyResult.categories.dns.score, m...
  928 | ...                   { name: "Fingerprint", score: privacyResult.categories.fingerprint....
  929 | ...                   { name: "Privacy Settings", score: privacyResult.categories.privacy...
 GET /? 200 in 42ms (next.js: 6ms, application-code: 36ms)
✓ Compiled in 32ms
✓ Compiled in 16ms
✓ Compiled in 20ms
[browser] Uncaught TypeError: can't access property "details", privacyResult.categories.fingerprint is undefined
    at Home (app/page.tsx:977:24)
  975 |                     <div className="flex justify-between">
  976 |                       <span className="text-slate-500">CPU Cores</span>
> 977 |                       <span>{(privacyResult.categories.fingerprint.details as any).cpuCor...
      |                        ^
  978 |                     </div>
  979 |                     <div className="flex justify-between">
  980 |                       <span className="text-slate-500">Device Memory</span>
 GET / 200 in 58ms (next.js: 15ms, application-code: 43ms)
✓ Compiled in 28ms
✓ Compiled in 15ms
✓ Compiled in 19ms
 GET / 200 in 49ms (next.js: 13ms, application-code: 36ms)
 GET / 200 in 40ms (next.js: 4ms, application-code: 36ms)
 GET / 200 in 41ms (next.js: 4ms, application-code: 38ms)
✓ Compiled in 17ms
✓ Compiled in 63ms
 GET / 200 in 49ms (next.js: 12ms, application-code: 37ms)
✓ Compiled in 25ms
✓ Compiled in 58ms
✓ Compiled in 115ms
✓ Compiled in 40ms
 GET / 200 in 47ms (next.js: 14ms, application-code: 33ms)
✓ Compiled in 157ms
 GET / 200 in 51ms (next.js: 19ms, application-code: 32ms)
✓ Compiled in 98ms
✓ Compiled in 21ms
✓ Compiled in 60ms
 GET / 200 in 50ms (next.js: 11ms, application-code: 38ms)
✓ Compiled in 63ms
 GET / 200 in 55ms (next.js: 17ms, application-code: 38ms)
 GET / 200 in 61ms (next.js: 13ms, application-code: 48ms)
 GET / 200 in 49ms (next.js: 11ms, application-code: 38ms)
 GET / 200 in 94ms (next.js: 30ms, application-code: 64ms)
 GET / 200 in 56ms (next.js: 11ms, application-code: 45ms)
 GET /?gh 200 in 40ms (next.js: 5ms, application-code: 36ms)
 GET /?gh 200 in 74ms (next.js: 18ms, application-code: 56ms)
 GET /?gh 200 in 58ms (next.js: 14ms, application-code: 44ms)
 GET /?gh 200 in 44ms (next.js: 5ms, application-code: 39ms)
 GET /?gh 200 in 150ms (next.js: 98ms, application-code: 52ms)
 GET /?gh 200 in 40ms (next.js: 8ms, application-code: 31ms)

-----
[1m[31mFATAL[39m[0m: An unexpected Turbopack error occurred. A panic log has been written to /var/folders/wd/y8sw6gjj707_qkln7kpjrqzm0000gn/T/next-panic-54edf48f53f405d1ce471382e048b793.log.

To help make Turbopack better, report this error by ]8;;https://bugs.nextjs.org/search?category=turbopack-error-report&title=Turbopack%20Error%3A%20Expected%20file%20content%20for%20file&body=Turbopack%20version%3A%20%60e07398321%60%0ANext.js%20version%3A%20%600.0.0%60%0A%0AError%20message%3A%0A%60%60%60%0AExpected%20file%20content%20for%20file%0A%0ADebug%20info%3A%0A-%20Execution%20of%20subscribe_issues_and_diags_operation%20failed%0A-%20Execution%20of%20%3CAppEndpoint%20as%20Endpoint%3E%3A%3Aserver_changed%20failed%0A-%20Execution%20of%20%2AProject%3A%3Aserver_changed%20failed%0A-%20Execution%20of%20%2AAppEndpointOutput%3A%3Aserver_assets%20failed%0A-%20Execution%20of%20AppEndpoint%3A%3Aoutput%20failed%0A-%20Execution%20of%20get_app_page_entry%20failed%0A-%20Execution%20of%20file_content_rope%20failed%0A-%20Expected%20file%20content%20for%20file%0A%60%60%60&labels=Turbopack,Turbopack%20Panic%20Backtrace\clicking here.]8;;\
-----

✓ Compiled in 448ms
⨯ ./node_modules/next/dist/client/dev/hot-reloader/pages/hot-reloader-pages.js:61:27
Module not found: Can't resolve '../../../../server/dev/hot-reloader-types'


Import trace:
  Browser:
    ./node_modules/next/dist/client/dev/hot-reloader/pages/hot-reloader-pages.js
    ./node_modules/next/dist/client/page-bootstrap.js
    ./node_modules/next/dist/client/next-dev-turbopack.js

https://nextjs.org/docs/messages/module-not-found


⨯ ./node_modules/next/dist/client/dev/hot-reloader/pages/websocket.js:28:27
Module not found: Can't resolve '../../../../server/dev/hot-reloader-types'


Import trace:
  Browser:
    ./node_modules/next/dist/client/dev/hot-reloader/pages/websocket.js
    ./node_modules/next/dist/client/dev/hot-middleware-client.js
    ./node_modules/next/dist/client/next-dev-turbopack.js

https://nextjs.org/docs/messages/module-not-found


⨯ ./node_modules/next/dist/client/dev/hot-reloader/pages/hot-reloader-pages.js:60:73
Module not found: Can't resolve '../../../../shared/lib/format-webpack-messages'


Import trace:
  Browser:
    ./node_modules/next/dist/client/dev/hot-reloader/pages/hot-reloader-pages.js
    ./node_modules/next/dist/client/page-bootstrap.js
    ./node_modules/next/dist/client/next-dev-turbopack.js

https://nextjs.org/docs/messages/module-not-found


⨯ ./node_modules/next/dist/next-devtools/userspace/app/forward-logs.js:35:22
Module not found: Can't resolve '../../../shared/lib/error-source'


Import trace:
  Browser:
    ./node_modules/next/dist/next-devtools/userspace/app/forward-logs.js
    ./node_modules/next/dist/client/dev/hot-reloader/pages/websocket.js
    ./node_modules/next/dist/client/dev/hot-middleware-client.js
    ./node_modules/next/dist/client/next-dev-turbopack.js

https://nextjs.org/docs/messages/module-not-found


⨯ ./node_modules/next/dist/client/dev/hot-reloader/get-socket-url.js:11:32
Module not found: Can't resolve '../../../shared/lib/normalized-asset-prefix'


Import trace:
  Browser:
    ./node_modules/next/dist/client/dev/hot-reloader/get-socket-url.js
    ./node_modules/next/dist/client/dev/hot-reloader/pages/websocket.js
    ./node_modules/next/dist/client/dev/hot-middleware-client.js
    ./node_modules/next/dist/client/next-dev-turbopack.js

https://nextjs.org/docs/messages/module-not-found


⨯ ./node_modules/next/dist/client/dev/hot-middleware-client.js:12:27
Module not found: Can't resolve '../../server/dev/hot-reloader-types'


Import trace:
  Browser:
    ./node_modules/next/dist/client/dev/hot-middleware-client.js
    ./node_modules/next/dist/client/next-dev-turbopack.js

https://nextjs.org/docs/messages/module-not-found


⨯ ./node_modules/next/dist/next-devtools/userspace/app/forward-logs-utils.js:29:28
Module not found: Can't resolve '../../shared/forward-logs-shared'


Import trace:
  Browser:
    ./node_modules/next/dist/next-devtools/userspace/app/forward-logs-utils.js
    ./node_modules/next/dist/next-devtools/userspace/app/forward-logs.js
    ./node_modules/next/dist/client/dev/hot-reloader/pages/websocket.js
    ./node_modules/next/dist/client/dev/hot-middleware-client.js
    ./node_modules/next/dist/client/next-dev-turbopack.js

https://nextjs.org/docs/messages/module-not-found


⨯ ./node_modules/next/dist/next-devtools/userspace/app/forward-logs.js:37:28
Module not found: Can't resolve '../../shared/forward-logs-shared'


Import trace:
  Browser:
    ./node_modules/next/dist/next-devtools/userspace/app/forward-logs.js
    ./node_modules/next/dist/client/dev/hot-reloader/pages/websocket.js
    ./node_modules/next/dist/client/dev/hot-middleware-client.js
    ./node_modules/next/dist/client/next-dev-turbopack.js

https://nextjs.org/docs/messages/module-not-found


⨯ ./node_modules/next/dist/client/react-client-callbacks/on-recoverable-error.js:25:23
Module not found: Can't resolve '../../shared/lib/lazy-dynamic/bailout-to-csr'


Import trace:
  Browser:
    ./node_modules/next/dist/client/react-client-callbacks/on-recoverable-error.js
    ./node_modules/next/dist/client/index.js
    ./node_modules/next/dist/client/next-dev-turbopack.js

https://nextjs.org/docs/messages/module-not-found


⨯ ./node_modules/next/dist/client/tracing/tracer.js:12:56
Module not found: Can't resolve '../../shared/lib/mitt'


Import trace:
  Browser:
    ./node_modules/next/dist/client/tracing/tracer.js
    ./node_modules/next/dist/client/index.js
    ./node_modules/next/dist/client/next-dev-turbopack.js

https://nextjs.org/docs/messages/module-not-found


⨯ ./node_modules/next/dist/next-devtools/userspace/pages/hydration-error-state.js:27:32
Module not found: Can't resolve '../../shared/react-18-hydration-error'


Import trace:
  Browser:
    ./node_modules/next/dist/next-devtools/userspace/pages/hydration-error-state.js
    ./node_modules/next/dist/next-devtools/userspace/pages/pages-dev-overlay-setup.js
    ./node_modules/next/dist/client/index.js
    ./node_modules/next/dist/client/next-dev-turbopack.js

https://nextjs.org/docs/messages/module-not-found


⨯ ./node_modules/next/dist/next-devtools/userspace/pages/hydration-error-state.js:28:32
Module not found: Can't resolve '../../shared/react-19-hydration-error'


Import trace:
  Browser:
    ./node_modules/next/dist/next-devtools/userspace/pages/hydration-error-state.js
    ./node_modules/next/dist/next-devtools/userspace/pages/pages-dev-overlay-setup.js
    ./node_modules/next/dist/client/index.js
    ./node_modules/next/dist/client/next-dev-turbopack.js

https://nextjs.org/docs/messages/module-not-found


⨯ ./node_modules/next/dist/client/page-bootstrap.js:18:27
Module not found: Can't resolve '../server/dev/hot-reloader-types'


Import trace:
  Browser:
    ./node_modules/next/dist/client/page-bootstrap.js
    ./node_modules/next/dist/client/next-dev-turbopack.js

https://nextjs.org/docs/messages/module-not-found


⨯ ./node_modules/next/dist/client/index.js:650:32
Module not found: Can't resolve '../server/dev/node-stack-frames'


Import trace:
  Browser:
    ./node_modules/next/dist/client/index.js
    ./node_modules/next/dist/client/next-dev-turbopack.js

https://nextjs.org/docs/messages/module-not-found


⨯ ./node_modules/next/dist/client/index.js:57:40
Module not found: Can't resolve '../shared/lib/app-router-context.shared-runtime'


Import trace:
  Browser:
    ./node_modules/next/dist/client/index.js
    ./node_modules/next/dist/client/next-dev-turbopack.js

https://nextjs.org/docs/messages/module-not-found


⨯ ./node_modules/next/dist/client/page-loader.js:20:20
Module not found: Can't resolve '../shared/lib/constants'


Import trace:
  Browser:
    ./node_modules/next/dist/client/page-loader.js
    ./node_modules/next/dist/client/index.js
    ./node_modules/next/dist/client/next-dev-turbopack.js

https://nextjs.org/docs/messages/module-not-found


⨯ ./node_modules/next/dist/client/register-deployment-id-global.js:5:23
Module not found: Can't resolve '../shared/lib/deployment-id'


Import trace:
  Browser:
    ./node_modules/next/dist/client/register-deployment-id-global.js
    ./node_modules/next/dist/client/next-dev-turbopack.js

https://nextjs.org/docs/messages/module-not-found


⨯ ./node_modules/next/dist/client/route-loader.js:35:23
Module not found: Can't resolve '../shared/lib/deployment-id'


Import trace:
  Browser:
    ./node_modules/next/dist/client/route-loader.js
    ./node_modules/next/dist/client/page-loader.js
    ./node_modules/next/dist/client/index.js
    ./node_modules/next/dist/client/next-dev-turbopack.js

https://nextjs.org/docs/messages/module-not-found


⨯ ./node_modules/next/dist/client/route-loader.js:36:24
Module not found: Can't resolve '../shared/lib/encode-uri-path'


Import trace:
  Browser:
    ./node_modules/next/dist/client/route-loader.js
    ./node_modules/next/dist/client/page-loader.js
    ./node_modules/next/dist/client/index.js
    ./node_modules/next/dist/client/next-dev-turbopack.js

https://nextjs.org/docs/messages/module-not-found


⨯ ./node_modules/next/dist/client/index.js:41:42
Module not found: Can't resolve '../shared/lib/head-manager-context.shared-runtime'


Import trace:
  Browser:
    ./node_modules/next/dist/client/index.js
    ./node_modules/next/dist/client/next-dev-turbopack.js

https://nextjs.org/docs/messages/module-not-found


⨯ ./node_modules/next/dist/client/script.js:33:42
Module not found: Can't resolve '../shared/lib/head-manager-context.shared-runtime'


Import trace:
  Browser:
    ./node_modules/next/dist/client/script.js
    ./node_modules/next/dist/client/index.js
    ./node_modules/next/dist/client/next-dev-turbopack.js

https://nextjs.org/docs/messages/module-not-found


⨯ ./node_modules/next/dist/client/index.js:59:42
Module not found: Can't resolve '../shared/lib/hooks-client-context.shared-runtime'


Import trace:
  Browser:
    ./node_modules/next/dist/client/index.js
    ./node_modules/next/dist/client/next-dev-turbopack.js

https://nextjs.org/docs/messages/module-not-found


⨯ ./node_modules/next/dist/client/index.js:54:42
Module not found: Can't resolve '../shared/lib/image-config-context.shared-runtime'


Import trace:
  Browser:
    ./node_modules/next/dist/client/index.js
    ./node_modules/next/dist/client/next-dev-turbopack.js

https://nextjs.org/docs/messages/module-not-found


⨯ ./node_modules/next/dist/lib/is-error.js:26:24
Module not found: Can't resolve '../shared/lib/is-plain-object'


Import trace:
  Browser:
    ./node_modules/next/dist/lib/is-error.js
    ./node_modules/next/dist/client/index.js
    ./node_modules/next/dist/client/next-dev-turbopack.js

https://nextjs.org/docs/messages/module-not-found


⨯ ./node_modules/next/dist/client/index.js:42:56
Module not found: Can't resolve '../shared/lib/mitt'


Import trace:
  Browser:
    ./node_modules/next/dist/client/index.js
    ./node_modules/next/dist/client/next-dev-turbopack.js

https://nextjs.org/docs/messages/module-not-found


⨯ ./node_modules/next/dist/client/index.js:43:37
Module not found: Can't resolve '../shared/lib/router-context.shared-runtime'


Import trace:
  Browser:
    ./node_modules/next/dist/client/index.js
    ./node_modules/next/dist/client/next-dev-turbopack.js

https://nextjs.org/docs/messages/module-not-found


⨯ ./node_modules/next/dist/client/router.js:43:37
Module not found: Can't resolve '../shared/lib/router-context.shared-runtime'


Import trace:
  Browser:
    ./node_modules/next/dist/client/router.js
    ./node_modules/next/dist/client/index.js
    ./node_modules/next/dist/client/next-dev-turbopack.js

https://nextjs.org/docs/messages/module-not-found


⨯ ./node_modules/next/dist/client/index.js:58:19
Module not found: Can't resolve '../shared/lib/router/adapters'


Import trace:
  Browser:
    ./node_modules/next/dist/client/index.js
    ./node_modules/next/dist/client/next-dev-turbopack.js

https://nextjs.org/docs/messages/module-not-found


⨯ ./node_modules/next/dist/client/router.js:42:58
Module not found: Can't resolve '../shared/lib/router/router'


Import trace:
  Browser:
    ./node_modules/next/dist/client/router.js
    ./node_modules/next/dist/client/index.js
    ./node_modules/next/dist/client/next-dev-turbopack.js

https://nextjs.org/docs/messages/module-not-found


⨯ ./node_modules/next/dist/client/add-base-path.js:11:24
Module not found: Can't resolve '../shared/lib/router/utils/add-path-prefix'


Import trace:
  Browser:
    ./node_modules/next/dist/client/add-base-path.js
    ./node_modules/next/dist/client/page-loader.js
    ./node_modules/next/dist/client/index.js
    ./node_modules/next/dist/client/next-dev-turbopack.js

https://nextjs.org/docs/messages/module-not-found


⨯ ./node_modules/next/dist/client/index.js:44:30
Module not found: Can't resolve '../shared/lib/router/utils/disable-smooth-scroll'


Import trace:
  Browser:
    ./node_modules/next/dist/client/index.js
    ./node_modules/next/dist/client/next-dev-turbopack.js

https://nextjs.org/docs/messages/module-not-found


⨯ ./node_modules/next/dist/client/page-loader.js:14:73
Module not found: Can't resolve '../shared/lib/router/utils/get-asset-path-from-route'


Import trace:
  Browser:
    ./node_modules/next/dist/client/page-loader.js
    ./node_modules/next/dist/client/index.js
    ./node_modules/next/dist/client/next-dev-turbopack.js

https://nextjs.org/docs/messages/module-not-found


⨯ ./node_modules/next/dist/client/route-loader.js:32:73
Module not found: Can't resolve '../shared/lib/router/utils/get-asset-path-from-route'


Import trace:
  Browser:
    ./node_modules/next/dist/client/route-loader.js
    ./node_modules/next/dist/client/page-loader.js
    ./node_modules/next/dist/client/index.js
    ./node_modules/next/dist/client/next-dev-turbopack.js

https://nextjs.org/docs/messages/module-not-found


⨯ ./node_modules/next/dist/client/page-loader.js:13:24
Module not found: Can't resolve '../shared/lib/router/utils/interpolate-as'


Import trace:
  Browser:
    ./node_modules/next/dist/client/page-loader.js
    ./node_modules/next/dist/client/index.js
    ./node_modules/next/dist/client/next-dev-turbopack.js

https://nextjs.org/docs/messages/module-not-found


⨯ ./node_modules/next/dist/client/index.js:45:20
Module not found: Can't resolve '../shared/lib/router/utils/is-dynamic'


Import trace:
  Browser:
    ./node_modules/next/dist/client/index.js
    ./node_modules/next/dist/client/next-dev-turbopack.js

https://nextjs.org/docs/messages/module-not-found


⨯ ./node_modules/next/dist/client/page-loader.js:16:20
Module not found: Can't resolve '../shared/lib/router/utils/is-dynamic'


Import trace:
  Browser:
    ./node_modules/next/dist/client/page-loader.js
    ./node_modules/next/dist/client/index.js
    ./node_modules/next/dist/client/next-dev-turbopack.js

https://nextjs.org/docs/messages/module-not-found


⨯ ./node_modules/next/dist/client/normalize-trailing-slash.js:12:20
Module not found: Can't resolve '../shared/lib/router/utils/parse-path'


Import trace:
  Browser:
    ./node_modules/next/dist/client/normalize-trailing-slash.js
    ./node_modules/next/dist/client/add-locale.js
    ./node_modules/next/dist/client/page-loader.js
    ./node_modules/next/dist/client/index.js
    ./node_modules/next/dist/client/next-dev-turbopack.js

https://nextjs.org/docs/messages/module-not-found


⨯ ./node_modules/next/dist/client/page-loader.js:17:27
Module not found: Can't resolve '../shared/lib/router/utils/parse-relative-url'


Import trace:
  Browser:
    ./node_modules/next/dist/client/page-loader.js
    ./node_modules/next/dist/client/index.js
    ./node_modules/next/dist/client/next-dev-turbopack.js

https://nextjs.org/docs/messages/module-not-found


⨯ ./node_modules/next/dist/client/has-base-path.js:11:24
Module not found: Can't resolve '../shared/lib/router/utils/path-has-prefix'


Import trace:
  Browser:
    ./node_modules/next/dist/client/has-base-path.js
    ./node_modules/next/dist/client/index.js
    ./node_modules/next/dist/client/next-dev-turbopack.js

https://nextjs.org/docs/messages/module-not-found


⨯ ./node_modules/next/dist/client/index.js:46:22
Module not found: Can't resolve '../shared/lib/router/utils/querystring'


Import trace:
  Browser:
    ./node_modules/next/dist/client/index.js
    ./node_modules/next/dist/client/next-dev-turbopack.js

https://nextjs.org/docs/messages/module-not-found


⨯ ./node_modules/next/dist/client/page-bootstrap.js:17:22
Module not found: Can't resolve '../shared/lib/router/utils/querystring'


Import trace:
  Browser:
    ./node_modules/next/dist/client/page-bootstrap.js
    ./node_modules/next/dist/client/next-dev-turbopack.js

https://nextjs.org/docs/messages/module-not-found


⨯ ./node_modules/next/dist/client/normalize-trailing-slash.js:11:30
Module not found: Can't resolve '../shared/lib/router/utils/remove-trailing-slash'


Import trace:
  Browser:
    ./node_modules/next/dist/client/normalize-trailing-slash.js
    ./node_modules/next/dist/client/add-locale.js
    ./node_modules/next/dist/client/page-loader.js
    ./node_modules/next/dist/client/index.js
    ./node_modules/next/dist/client/next-dev-turbopack.js

https://nextjs.org/docs/messages/module-not-found


⨯ ./node_modules/next/dist/client/page-loader.js:18:30
Module not found: Can't resolve '../shared/lib/router/utils/remove-trailing-slash'


Import trace:
  Browser:
    ./node_modules/next/dist/client/page-loader.js
    ./node_modules/next/dist/client/index.js
    ./node_modules/next/dist/client/next-dev-turbopack.js

https://nextjs.org/docs/messages/module-not-found


⨯ ./node_modules/next/dist/client/index.js:47:16
Module not found: Can't resolve '../shared/lib/utils'


Import trace:
  Browser:
    ./node_modules/next/dist/client/index.js
    ./node_modules/next/dist/client/next-dev-turbopack.js

https://nextjs.org/docs/messages/module-not-found


⨯ ./node_modules/next/dist/pages/_app.js:14:16
Module not found: Can't resolve '../shared/lib/utils'


Import traces:
  Browser:
    ./node_modules/next/dist/pages/_app.js
    ./node_modules/next/app.js

  SSR:
    ./node_modules/next/dist/pages/_app.js
    ./node_modules/next/app.js

https://nextjs.org/docs/messages/module-not-found


⨯ ./node_modules/next/dist/pages/_app.js:14:16
Module not found: Can't resolve '../shared/lib/utils'


Import traces:
  Browser:
    ./node_modules/next/dist/pages/_app.js
    ./node_modules/next/app.js

  SSR:
    ./node_modules/next/dist/pages/_app.js
    ./node_modules/next/app.js

https://nextjs.org/docs/messages/module-not-found


⨯ ./node_modules/next/dist/client/dev/hot-reloader/pages/hot-reloader-pages.js:56:23
Module not found: Can't resolve 'next/dist/compiled/next-devtools'
Import map: aliased to module 'next' with subpath '/dist/compiled/next-devtools' inside of [project]/


Import trace:
  Browser:
    ./node_modules/next/dist/client/dev/hot-reloader/pages/hot-reloader-pages.js
    ./node_modules/next/dist/client/page-bootstrap.js
    ./node_modules/next/dist/client/next-dev-turbopack.js

https://nextjs.org/docs/messages/module-not-found


⨯ ./node_modules/next/dist/client/page-bootstrap.js:22:23
Module not found: Can't resolve 'next/dist/compiled/next-devtools'
Import map: aliased to module 'next' with subpath '/dist/compiled/next-devtools' inside of [project]/


Import trace:
  Browser:
    ./node_modules/next/dist/client/page-bootstrap.js
    ./node_modules/next/dist/client/next-dev-turbopack.js

https://nextjs.org/docs/messages/module-not-found


⨯ ./node_modules/next/dist/next-devtools/userspace/pages/pages-dev-overlay-setup.js:26:23
Module not found: Can't resolve 'next/dist/compiled/next-devtools'
Import map: aliased to module 'next' with subpath '/dist/compiled/next-devtools' inside of [project]/


Import trace:
  Browser:
    ./node_modules/next/dist/next-devtools/userspace/pages/pages-dev-overlay-setup.js
    ./node_modules/next/dist/client/index.js
    ./node_modules/next/dist/client/next-dev-turbopack.js

https://nextjs.org/docs/messages/module-not-found


⨯ ./node_modules/next/dist/build/polyfills/process.js:3:214
Module not found: Can't resolve 'next/dist/compiled/process'
Import map: aliased to module 'next' with subpath '/dist/compiled/process' inside of [project]/


Import trace:
  Browser:
    ./node_modules/next/dist/build/polyfills/process.js
    ./node_modules/next/dist/client/index.js
    ./node_modules/next/dist/client/next-dev-turbopack.js

https://nextjs.org/docs/messages/module-not-found


⨯ ./node_modules/next/dist/next-devtools/userspace/app/forward-logs-utils.js:27:30
Module not found: Can't resolve 'next/dist/compiled/safe-stable-stringify'
Import map: aliased to module 'next' with subpath '/dist/compiled/safe-stable-stringify' inside of [project]/


Import trace:
  Browser:
    ./node_modules/next/dist/next-devtools/userspace/app/forward-logs-utils.js
    ./node_modules/next/dist/next-devtools/userspace/app/forward-logs.js
    ./node_modules/next/dist/client/dev/hot-reloader/pages/websocket.js
    ./node_modules/next/dist/client/dev/hot-middleware-client.js
    ./node_modules/next/dist/client/next-dev-turbopack.js

https://nextjs.org/docs/messages/module-not-found


⨯ ./node_modules/next/dist/client/dev/hot-reloader/pages/hot-reloader-pages.js:58:61
Module not found: Can't resolve 'next/dist/compiled/strip-ansi'
Import map: aliased to module 'next' with subpath '/dist/compiled/strip-ansi' inside of [project]/


Import trace:
  Browser:
    ./node_modules/next/dist/client/dev/hot-reloader/pages/hot-reloader-pages.js
    ./node_modules/next/dist/client/page-bootstrap.js
    ./node_modules/next/dist/client/next-dev-turbopack.js

https://nextjs.org/docs/messages/module-not-found


⨯ Error [TurbopackInternalError]: Failed to write page endpoint /_document

Caused by:
- File not found: FileSystemPath { fs: ResolvedVc(RawVc::TaskCell(9, "turbo_tasks_fs::DiskFileSystem#0")), path: "node_modules/next/dist/lib/default-transpiled-packages.json" }

Debug info:
- Execution of get_written_endpoint_with_issues_operation failed
- Execution of endpoint_write_to_disk failed
- Execution of <PageEndpoint as Endpoint>::output failed
- Failed to write page endpoint /_document
- Execution of *all_asset_paths failed
- Execution of *PageEndpointOutput::output_assets failed
- Execution of PageEndpoint::output failed
- Execution of PageEndpoint::internal_ssr_chunk failed
- Execution of PageEndpoint::internal_ssr_chunk_module failed
- Execution of *ProcessResult::module failed
- Execution of *<ModuleAssetContext as AssetContext>::process failed
- Execution of PagesProject::ssr_module_context failed
- Execution of *ModuleAssetContext::new failed
- Execution of PagesProject::server_transitions failed
- Execution of *NextDynamicTransition::new_client failed
- Execution of PagesProject::client_transition failed
- Execution of *FullContextTransition::new failed
- Execution of PagesProject::client_module_context failed
- Execution of *ModuleAssetContext::new failed
- Execution of get_client_module_options_context failed
- Execution of *get_jsx_transform_options failed
- Execution of get_client_resolve_options_context failed
- Execution of get_transpiled_packages failed
- File not found: FileSystemPath { fs: ResolvedVc(RawVc::TaskCell(9, "turbo_tasks_fs::DiskFileSystem#0")), path: "node_modules/next/dist/lib/default-transpiled-packages.json" }
    at <unknown> (TurbopackInternalError: Failed to write page endpoint /_document) {
  location: undefined
}
Error [TurbopackInternalError]: Failed to write app endpoint /page

Caused by:
- Expected file content for file

Debug info:
- Execution of get_written_endpoint_with_issues_operation failed
- Execution of endpoint_write_to_disk failed
- Execution of <AppEndpoint as Endpoint>::output failed
- Failed to write app endpoint /page
- Execution of *all_asset_paths failed
- Execution of *AppEndpointOutput::output_assets failed
- Execution of AppEndpoint::output failed
- Execution of get_app_page_entry failed
- Execution of file_content_rope failed
- Expected file content for file
    at <unknown> (TurbopackInternalError: Failed to write app endpoint /page) {
  location: undefined
}
⚠ ./
Could not resolve React Refresh runtime
React Refresh will be disabled.
To enable React Refresh, install the react-refresh and @next/react-refresh-utils modules.


Error [TurbopackInternalError]: Failed to write page endpoint /_app

Caused by:
- File not found: FileSystemPath { fs: ResolvedVc(RawVc::TaskCell(9, "turbo_tasks_fs::DiskFileSystem#0")), path: "node_modules/next/dist/lib/default-transpiled-packages.json" }

Debug info:
- Execution of get_written_endpoint_with_issues_operation failed
- Execution of endpoint_write_to_disk failed
- Execution of <PageEndpoint as Endpoint>::output failed
- Failed to write page endpoint /_app
- Execution of *all_asset_paths failed
- Execution of *PageEndpointOutput::output_assets failed
- Execution of PageEndpoint::output failed
- Execution of *ChunkGroupResult::all_assets failed
- Execution of PageEndpoint::client_chunk_group failed
- Execution of PageEndpoint::client_evaluatable_assets failed
- Execution of PageEndpoint::client_module failed
- Execution of *create_page_loader_entry_module failed
- Execution of PagesProject::client_module_context failed
- Execution of *ModuleAssetContext::new failed
- Execution of get_client_module_options_context failed
- Execution of *get_jsx_transform_options failed
- Execution of get_client_resolve_options_context failed
- Execution of get_transpiled_packages failed
- File not found: FileSystemPath { fs: ResolvedVc(RawVc::TaskCell(9, "turbo_tasks_fs::DiskFileSystem#0")), path: "node_modules/next/dist/lib/default-transpiled-packages.json" }
    at <unknown> (TurbopackInternalError: Failed to write page endpoint /_app) {
  location: undefined
}
Error: Turbopack build failed with 1 errors:
./app
Error: Next.js inferred your workspace root, but it may not be correct.
    We couldn't find the Next.js package (next/package.json) from the project directory: /Users/pranith/Documents/dfir/web/app
     To fix this, set turbopack.root in your Next.js config, or ensure the Next.js package is resolvable from this directory.
    Note: For security and performance reasons, files outside of the project directory will not be compiled.
    See https://nextjs.org/docs/app/api-reference/config/next-config-js/turbopack#root-directory for more information.

    at ignore-listed frames
[?25h
